============================= test session starts ==============================
rootdir: /home/hansu/agents-assignment
configfile: pyproject.toml
plugins: asyncio-1.3.0, anyio-4.12.0
asyncio: mode=Mode.AUTO, debug=False, asyncio_default_fixture_loop_scope=function, asyncio_default_test_loop_scope=function
collecting ... collected 5 items

tests/test_interruption.py::test_ignored_interruption PASSED             [ 20%]
tests/test_interruption.py::test_valid_interruption PASSED               [ 40%]
tests/test_interruption.py::test_silent_response PASSED                  [ 60%]
tests/test_mixed_interruption.py::test_mixed_input_interruption PASSED   [ 80%]
tests/test_mixed_interruption.py::test_all_ignored_words PASSED          [100%]

============================== 5 passed in 12.04s ==============================
